// Jest Snapshot v1, https://goo.gl/fbAQLP

exports[`workers/repository/updates/generate generateBranchConfig() adds commit message body 1`] = `
"Update dependency some-dep to v1.2.0

[skip-ci]"
`;

exports[`workers/repository/updates/generate generateBranchConfig() supports manual prTitle 1`] = `"upgrade some-dep"`;
